// Jest Snapshot v1, https://goo.gl/fbAQLP

exports[`Add matches snapshot 1`] = `
<div>
  <div
    class="sc-AxheI dRFulU"
  >
    <svg>
      plus.svg
    </svg>
  </div>
  <div
    class="sc-AxjAm khxSQh"
  >
    <h2
      class="sc-AxiKw jzoYkp"
    >
      What do you want to track?
    </h2>
    <div
      class="sc-AxhCb bCDkJU"
    >
      <button
        class="sc-Axmtr ilVRrt"
      >
        <span>
          Create a note
        </span>
        <svg>
          notes.svg
        </svg>
      </button>
      <button
        class="sc-Axmtr ilVRrt"
      >
        <span>
          Create a task
        </span>
        <svg>
          tasks.svg
        </svg>
      </button>
      <button
        class="sc-Axmtr ilVRrt"
      >
        <span>
          Add an expense
        </span>
        <svg>
          expenses.svg
        </svg>
      </button>
      <button
        class="sc-Axmtr ilVRrt"
      >
        <span>
          Add an habit
        </span>
        <svg>
          habits.svg
        </svg>
      </button>
    </div>
  </div>
  <div
    class="sc-AxirZ gpexXZ"
  />
</div>
`;
