// Jest Snapshot v1, https://goo.gl/fbAQLP

exports[`Drawer matches snapshot 1`] = `
<div>
  <div
    class="Drawerstyles__DrawerContainer-u5jgzg-0 lkcEUU"
  >
    <h2
      class="Drawerstyles__DrawerTitle-u5jgzg-2 eCJKZq"
    >
      Settings
    </h2>
    <div
      class="Drawerstyles__DrawerContent-u5jgzg-3 jAyGXs"
    >
      <div>
        <h3>
          First setting
        </h3>
        <p>
          Dropdown
        </p>
      </div>
    </div>
  </div>
  <div
    class="Drawerstyles__DrawerOverlay-u5jgzg-1 jzRVJQ"
  />
</div>
`;
