// Jest Snapshot v1, https://goo.gl/fbAQLP

exports[`Home matches snapshot 1`] = `
<div>
  <h1
    class="sc-fzoLsD uGWZa"
  >
    Trackit
  </h1>
  <div
    class="sc-fzpans bCUNWb"
  >
    <h2
      class="sc-fzplWN gNeweh"
    >
      Hello 
      <strong />
      ,
      <br />
      what will you track today?
    </h2>
    <div
      class="sc-fznKkj jtgPGw"
    >
      <div
        class="sc-AxmLO kJjoWk"
      >
        <div
          class="sc-fzozJi cLknZC"
        />
        <div
          class="sc-fzozJi cLknZC doublebounce2"
        />
      </div>
    </div>
  </div>
</div>
`;
