// Jest Snapshot v1, https://goo.gl/fbAQLP

exports[`Home matches snapshot 1`] = `
<div>
  <h1
    class="sc-AxmLO keKhUy"
  >
    Trackit
  </h1>
  <div
    class="sc-fzozJi eFqdkZ"
  >
    <h2
      class="sc-fzoLsD fmhGHs"
    >
      Hello 
      <strong>
        Eduardo
      </strong>
      ,
      <br />
      what will you track today?
    </h2>
    <section
      class="sc-fzpans dYPgur"
    >
      <a
        href="/notes"
      >
        <div
          class="sc-AxjAm gJBtIG widget"
          type="Notes"
        >
          <div
            class="sc-AxirZ faeQuU"
          >
            <h3
              class="sc-AxiKw iFzphh"
            >
              Notes
            </h3>
            <span
              class="sc-AxhCb eMhwpD"
            >
              <svg>
                notes.svg
              </svg>
            </span>
          </div>
          <div
            class="sc-AxhUy kdGTln"
          >
            <h2
              class="sc-AxgMl fzCZfy"
            >
              32
            </h2>
            <p
              class="sc-AxheI jvnWOu"
            >
              created
            </p>
          </div>
          <span
            class="sc-Axmtr ERpEm"
          >
            <svg>
              plus.svg
            </svg>
          </span>
        </div>
      </a>
      <a
        href="/tasks"
      >
        <div
          class="sc-AxjAm iKszAJ widget"
          type="Tasks"
        >
          <div
            class="sc-AxirZ faeQuU"
          >
            <h3
              class="sc-AxiKw iFzphh"
            >
              Tasks
            </h3>
            <span
              class="sc-AxhCb eMhwpD"
            >
              <svg>
                tasks.svg
              </svg>
            </span>
          </div>
          <div
            class="sc-AxhUy kdGTln"
          >
            <h2
              class="sc-AxgMl fzCZfy"
            >
              7
            </h2>
            <p
              class="sc-AxheI jvnWOu"
            >
              for today
            </p>
          </div>
          <span
            class="sc-Axmtr ERpEm"
          >
            <svg>
              plus.svg
            </svg>
          </span>
        </div>
      </a>
      <a
        href="/habits"
      >
        <div
          class="sc-AxjAm hZZurg widget"
          type="Habits"
        >
          <div
            class="sc-AxirZ faeQuU"
          >
            <h3
              class="sc-AxiKw iFzphh"
            >
              Habits
            </h3>
            <span
              class="sc-AxhCb eMhwpD"
            >
              <svg>
                habits.svg
              </svg>
            </span>
          </div>
          <div
            class="sc-AxhUy kdGTln"
          >
            <h2
              class="sc-AxgMl fzCZfy"
            >
              2
            </h2>
            <p
              class="sc-AxheI jvnWOu"
            >
              active
            </p>
          </div>
          <span
            class="sc-Axmtr ERpEm"
          >
            <svg>
              plus.svg
            </svg>
          </span>
        </div>
      </a>
      <a
        href="/expenses"
      >
        <div
          class="sc-AxjAm fbomiD widget"
          type="Expenses"
        >
          <div
            class="sc-AxirZ faeQuU"
          >
            <h3
              class="sc-AxiKw iFzphh"
            >
              Expenses
            </h3>
            <span
              class="sc-AxhCb eMhwpD"
            >
              <svg>
                expenses.svg
              </svg>
            </span>
          </div>
          <div
            class="sc-AxhUy kdGTln"
          >
            <h2
              class="sc-AxgMl jgaPPo"
            >
              454
              $
            </h2>
            <p
              class="sc-AxheI jvnWOu"
            >
              this month
            </p>
          </div>
          <span
            class="sc-Axmtr ERpEm"
          >
            <svg>
              plus.svg
            </svg>
          </span>
        </div>
      </a>
    </section>
  </div>
</div>
`;
