// Jest Snapshot v1, https://goo.gl/fbAQLP

exports[`Error matches snapshot 1`] = `
<div>
  <div
    class="Pagestyles__PageError-sc-19pj6gm-14 hfccEd"
  >
    <svg>
      error.svg
    </svg>
    <p>
      Test
    </p>
  </div>
</div>
`;

exports[`Loading matches snapshot 1`] = `
<div>
  <div
    class="Pagestyles__PageLoading-sc-19pj6gm-13 feDNhr"
  >
    <div
      class="sc-AxjAm gcvfvo loading-spinner"
    >
      <div
        class="sc-AxirZ emeNQI"
      />
      <div
        class="sc-AxirZ emeNQI doublebounce2"
      />
    </div>
  </div>
</div>
`;
