// Jest Snapshot v1, https://goo.gl/fbAQLP

exports[`matches snapshot 1`] = `"<p>Heyy</p><svg xmlns=\\"http://www.w3.org/2000/svg\\" xmlns:xlink=\\"http://www.w3.org/1999/xlink\\" width=\\"69\\" height=\\"58\\" viewBox=\\"0 0 69 58\\"><defs><clipPath id=\\"clip-Prancheta_4\\"><rect width=\\"69\\" height=\\"58\\"></rect></clipPath></defs><g id=\\"Prancheta_4\\" data-name=\\"Prancheta – 4\\" clip-path=\\"url(#clip-Prancheta_4)\\"><g id=\\"Grupo_150\\" data-name=\\"Grupo 150\\" transform=\\"translate(-38 -63)\\"><rect id=\\"Retângulo_139\\" data-name=\\"Retângulo 139\\" width=\\"63\\" height=\\"7\\" rx=\\"3.5\\" transform=\\"translate(41 68)\\"></rect><rect id=\\"Retângulo_140\\" data-name=\\"Retângulo 140\\" width=\\"36\\" height=\\"7\\" rx=\\"3.5\\" transform=\\"translate(41 89)\\"></rect><rect id=\\"Retângulo_141\\" data-name=\\"Retângulo 141\\" width=\\"52\\" height=\\"7\\" rx=\\"3.5\\" transform=\\"translate(41 110)\\"></rect></g></g></svg>"`;
