// Jest Snapshot v1, https://goo.gl/fbAQLP

exports[`Sidebar matches snapshot 1`] = `
<div>
  <div
    class="sc-AxjAm jtiZlw"
  >
    <svg>
      menu.svg
    </svg>
  </div>
  <div
    class="sc-AxirZ bmOLuf"
  >
    <div
      class="sc-AxhCb rOoA"
    >
      <img
        alt="John Doe"
        class="sc-AxhUy eOkOto"
        src="https://randomuser.me/api/portraits/men/51.jpg"
      />
      <div
        class="sc-AxgMl dePzLj"
      >
        <h3
          class="sc-AxheI dZBOtC"
        >
          John Doe
        </h3>
        <p
          class="sc-Axmtr gUQeAe"
        >
          johndoe@gmail.com
        </p>
      </div>
    </div>
    <nav
      class="sc-AxmLO llkvhh"
    >
      <div>
        <a
          aria-current="page"
          class="active"
          href="/"
        >
          <div
            class="sc-fzozJi gBYUMg"
          >
            <svg>
              home.svg
            </svg>
             Home
          </div>
        </a>
        <a
          href="/notes"
        >
          <div
            class="sc-fzozJi gBYUMg"
          >
            <svg>
              notes.svg
            </svg>
             Notes
          </div>
        </a>
        <a
          href="/tasks"
        >
          <div
            class="sc-fzozJi gBYUMg"
          >
            <svg>
              tasks.svg
            </svg>
             Tasks
          </div>
        </a>
        <a
          href="/habits"
        >
          <div
            class="sc-fzozJi gBYUMg"
          >
            <svg>
              habits.svg
            </svg>
             Habits
          </div>
        </a>
        <a
          href="/expenses"
        >
          <div
            class="sc-fzozJi gBYUMg"
          >
            <svg>
              expenses.svg
            </svg>
             Expenses
          </div>
        </a>
      </div>
      <div>
        <a
          href="/settings"
        >
          <div
            class="sc-fzozJi gBYUMg settings"
          >
            <svg>
              settings.svg
            </svg>
             Settings
          </div>
        </a>
      </div>
    </nav>
  </div>
  <div
    class="sc-AxiKw bUCRFN"
  />
</div>
`;
